******************************************************************************
                  MSP430 Linker PC v4.1.0                      
******************************************************************************
>> Linked Sat Jul 21 13:10:09 2012

OUTPUT FILE NAME:   <palettes.out>
ENTRY POINT SYMBOL: "_c_int00"  address: 0000c63e


MEMORY CONFIGURATION

         name            origin    length      used     unused   attr    fill
----------------------  --------  ---------  --------  --------  ----  --------
  SFR                   00000000   00000010  00000000  00000010  RWIX
  PERIPHERALS_8BIT      00000010   000000f0  00000000  000000f0  RWIX
  PERIPHERALS_16BIT     00000100   00000100  00000000  00000100  RWIX
  RAM                   00000200   00000200  00000066  0000019a  RWIX
  INFOD                 00001000   00000040  00000000  00000040  RWIX
  INFOC                 00001040   00000040  00000000  00000040  RWIX
  INFOB                 00001080   00000040  00000000  00000040  RWIX
  INFOA                 000010c0   00000040  00000000  00000040  RWIX
  FLASH                 0000c000   00003fe0  00000a92  0000354e  RWIX
  INT00                 0000ffe0   00000002  00000000  00000002  RWIX
  INT01                 0000ffe2   00000002  00000000  00000002  RWIX
  INT02                 0000ffe4   00000002  00000000  00000002  RWIX
  INT03                 0000ffe6   00000002  00000000  00000002  RWIX
  INT04                 0000ffe8   00000002  00000000  00000002  RWIX
  INT05                 0000ffea   00000002  00000000  00000002  RWIX
  INT06                 0000ffec   00000002  00000000  00000002  RWIX
  INT07                 0000ffee   00000002  00000000  00000002  RWIX
  INT08                 0000fff0   00000002  00000000  00000002  RWIX
  INT09                 0000fff2   00000002  00000000  00000002  RWIX
  INT10                 0000fff4   00000002  00000000  00000002  RWIX
  INT11                 0000fff6   00000002  00000000  00000002  RWIX
  INT12                 0000fff8   00000002  00000000  00000002  RWIX
  INT13                 0000fffa   00000002  00000000  00000002  RWIX
  INT14                 0000fffc   00000002  00000000  00000002  RWIX
  RESET                 0000fffe   00000002  00000002  00000000  RWIX


SECTION ALLOCATION MAP

 output                                  attributes/
section   page    origin      length       input sections
--------  ----  ----------  ----------   ----------------
.init_array 
*          0    0000c000    00000000     UNINITIALIZED

.data      0    00000200    00000016     
                  00000200    00000010     GP.obj (.data:stretch)
                  00000210    00000003     GP.obj (.data)
                  00000213    00000001     --HOLE--
                  00000214    00000002     palettes.obj (.data)

.TI.persistent 
*          0    00000200    00000000     UNINITIALIZED

.stack     0    000003b0    00000050     UNINITIALIZED
                  000003b0    00000002     rts430_eabi.lib : boot.obj (.stack)
                  000003b2    0000004e     --HOLE--

.text      0    0000c000    0000071c     
                  0000c000    000001c2     palettes.obj (.text:main)
                  0000c1c2    00000158     GP.obj (.text:GP_begin)
                  0000c31a    0000008a     GP.obj (.text:GP_ascii)
                  0000c3a4    0000006a     GP.obj (.text:GP_sprite)
                  0000c40e    0000005e     rts430_eabi.lib : copy_decompress_rle.obj (.text:__TI_decompress_rle_core)
                  0000c46c    0000005e                     : autoinit.obj (.text:_auto_init)
                  0000c4ca    00000048     palettes.obj (.text:random_color)
                  0000c512    0000002c     rts430_eabi.lib : asr16.obj (.text)
                  0000c53e    0000002c                     : lsl16.obj (.text)
                  0000c56a    0000002a     palettes.obj (.text:spr)
                  0000c594    00000028     GP.obj (.text:GP_putstr)
                  0000c5bc    00000022     GP.obj (.text:GP_fill)
                  0000c5de    00000022     GP.obj (.text:GP_wr16)
                  0000c600    00000022     GP.obj (.text:GP_xhide)
                  0000c622    0000001c     GP.obj (.text:__start)
                  0000c63e    0000001a     rts430_eabi.lib : boot.obj (.text:_c_int00_noexit)
                  0000c658    00000016     GP.obj (.text:GP_wr)
                  0000c66e    00000016     GP.obj (.text:delay)
                  0000c684    00000016     palettes.obj (.text:random)
                  0000c69a    00000014     rts430_eabi.lib : mult16.obj (.text)
                  0000c6ae    00000012                     : copy_decompress_none.obj (.text:decompress:none:__TI_decompress_none)
                  0000c6c0    00000012                     : memcpy.obj (.text:memcpy)
                  0000c6d2    00000010                     : epilog.obj (.text)
                  0000c6e2    00000010     GP.obj (.text:spi_transfer)
                  0000c6f2    0000000c     GP.obj (.text:GP_setpal)
                  0000c6fe    0000000a     GP.obj (.text:__wstart)
                  0000c708    00000006     GP.obj (.text:__end)
                  0000c70e    00000006     rts430_eabi.lib : copy_decompress_rle.obj (.text:decompress:rle24:__TI_decompress_rle24)
                  0000c714    00000004                     : pre_init.obj (.text:_system_pre_init)
                  0000c718    00000004                     : exit.obj (.text:abort)

.const     0    0000c71c    00000354     
                  0000c71c    00000300     GP.obj (.const:font8x8)
                  0000ca1c    00000054     palettes.obj (.const:.string)

.cinit     0    0000ca70    00000022     
                  0000ca70    00000019     (.cinit..data.load) [load image, compression = rle]
                  0000ca89    00000001     --HOLE-- [fill = 0]
                  0000ca8a    00000004     (__TI_handler_table)
                  0000ca8e    00000004     (__TI_cinit_table)

.reset     0    0000fffe    00000002     
                  0000fffe    00000002     rts430_eabi.lib : boot.obj (.reset)


LINKER GENERATED COPY TABLES

__TI_cinit_table @ 0000ca8e records: 1, size/record: 4, table size: 4
	.data: load addr=0000ca70, load size=00000019 bytes, run addr=00000200, run size=00000016 bytes, compression=rle


LINKER GENERATED HANDLER TABLE

__TI_handler_table @ 0000ca8a records: 2, size/record: 2, table size: 4
	index: 0, handler: __TI_decompress_rle24
	index: 1, handler: __TI_decompress_none


GLOBAL SYMBOLS: SORTED ALPHABETICALLY BY Name 

address    name
--------   ----
0000004a   ADC10AE0
000001b0   ADC10CTL0
000001b2   ADC10CTL1
00000048   ADC10DTC0
00000049   ADC10DTC1
000001b4   ADC10MEM
000001bc   ADC10SA
00000057   BCSCTL1
00000058   BCSCTL2
00000053   BCSCTL3
0000c718   C$$EXIT
00000059   CACTL1
0000005a   CACTL2
000010fb   CALBC1_12MHZ
000010f9   CALBC1_16MHZ
000010ff   CALBC1_1MHZ
000010fd   CALBC1_8MHZ
000010fa   CALDCO_12MHZ
000010f8   CALDCO_16MHZ
000010fe   CALDCO_1MHZ
000010fc   CALDCO_8MHZ
0000005b   CAPD
00000056   DCOCTL
00000128   FCTL1
0000012a   FCTL2
0000012c   FCTL3
0000c31a   GP_ascii
0000c1c2   GP_begin
0000c5bc   GP_fill
0000c594   GP_putstr
0000c6f2   GP_setpal
0000c3a4   GP_sprite
0000c658   GP_wr
0000c5de   GP_wr16
0000c600   GP_xhide
00000000   IE1
00000001   IE2
00000002   IFG1
00000003   IFG2
00000022   P1DIR
00000025   P1IE
00000024   P1IES
00000023   P1IFG
00000020   P1IN
00000021   P1OUT
00000027   P1REN
00000026   P1SEL
00000041   P1SEL2
0000002a   P2DIR
0000002d   P2IE
0000002c   P2IES
0000002b   P2IFG
00000028   P2IN
00000029   P2OUT
0000002f   P2REN
0000002e   P2SEL
00000042   P2SEL2
0000001a   P3DIR
00000018   P3IN
00000019   P3OUT
00000010   P3REN
0000001b   P3SEL
00000043   P3SEL2
00000172   TA0CCR0
00000174   TA0CCR1
00000176   TA0CCR2
00000162   TA0CCTL0
00000164   TA0CCTL1
00000166   TA0CCTL2
00000160   TA0CTL
0000012e   TA0IV
00000170   TA0R
00000192   TA1CCR0
00000194   TA1CCR1
00000196   TA1CCR2
00000182   TA1CCTL0
00000184   TA1CCTL1
00000186   TA1CCTL2
00000180   TA1CTL
0000011e   TA1IV
00000190   TA1R
0000005d   UCA0ABCTL
00000062   UCA0BR0
00000063   UCA0BR1
00000060   UCA0CTL0
00000061   UCA0CTL1
0000005f   UCA0IRRCTL
0000005e   UCA0IRTCTL
00000064   UCA0MCTL
00000066   UCA0RXBUF
00000065   UCA0STAT
00000067   UCA0TXBUF
0000006a   UCB0BR0
0000006b   UCB0BR1
00000068   UCB0CTL0
00000069   UCB0CTL1
0000006c   UCB0I2CIE
00000118   UCB0I2COA
0000011a   UCB0I2CSA
0000006e   UCB0RXBUF
0000006d   UCB0STAT
0000006f   UCB0TXBUF
00000120   WDTCTL
00000400   __STACK_END
00000050   __STACK_SIZE
0000ca8e   __TI_CINIT_Base
0000ca92   __TI_CINIT_Limit
0000ca8a   __TI_Handler_Table_Base
0000ca8e   __TI_Handler_Table_Limit
00000001   __TI_args_main
0000c6ae   __TI_decompress_none
0000c70e   __TI_decompress_rle24
00000001   __TI_exit
ffffffff   __binit__
ffffffff   __c_args__
0000c708   __end
0000c6de   __mspabi_func_epilog_1
0000c6dc   __mspabi_func_epilog_2
0000c6da   __mspabi_func_epilog_3
0000c6d8   __mspabi_func_epilog_4
0000c6d6   __mspabi_func_epilog_5
0000c6d4   __mspabi_func_epilog_6
0000c6d2   __mspabi_func_epilog_7
0000c69a   __mspabi_mpyi
0000c53e   __mspabi_slli
0000c566   __mspabi_slli_1
0000c554   __mspabi_slli_10
0000c552   __mspabi_slli_11
0000c550   __mspabi_slli_12
0000c54e   __mspabi_slli_13
0000c54c   __mspabi_slli_14
0000c54a   __mspabi_slli_15
0000c564   __mspabi_slli_2
0000c562   __mspabi_slli_3
0000c560   __mspabi_slli_4
0000c55e   __mspabi_slli_5
0000c55c   __mspabi_slli_6
0000c55a   __mspabi_slli_7
0000c558   __mspabi_slli_8
0000c556   __mspabi_slli_9
0000c512   __mspabi_srai
0000c53a   __mspabi_srai_1
0000c528   __mspabi_srai_10
0000c526   __mspabi_srai_11
0000c524   __mspabi_srai_12
0000c522   __mspabi_srai_13
0000c520   __mspabi_srai_14
0000c51e   __mspabi_srai_15
0000c538   __mspabi_srai_2
0000c536   __mspabi_srai_3
0000c534   __mspabi_srai_4
0000c532   __mspabi_srai_5
0000c530   __mspabi_srai_6
0000c52e   __mspabi_srai_7
0000c52c   __mspabi_srai_8
0000c52a   __mspabi_srai_9
0000c622   __start
0000c6fe   __wstart
0000c46c   _auto_init
0000c63e   _c_int00
0000c63e   _c_int00_noexit
0000fffe   _reset_vector
000003b0   _stack
0000c714   _system_pre_init
0000c718   abort
ffffffff   binit
0000c66e   delay
0000c71c   font8x8
00000210   gp_cur_spr
0000c000   main
0000c6c0   memcpy
00000211   nes_data_1
00000212   nes_data_2
0000c684   random
0000c4ca   random_color
0000c6e2   spi_transfer
0000c56a   spr


GLOBAL SYMBOLS: SORTED BY Symbol Address 

address    name
--------   ----
00000000   IE1
00000001   IE2
00000001   __TI_args_main
00000001   __TI_exit
00000002   IFG1
00000003   IFG2
00000010   P3REN
00000018   P3IN
00000019   P3OUT
0000001a   P3DIR
0000001b   P3SEL
00000020   P1IN
00000021   P1OUT
00000022   P1DIR
00000023   P1IFG
00000024   P1IES
00000025   P1IE
00000026   P1SEL
00000027   P1REN
00000028   P2IN
00000029   P2OUT
0000002a   P2DIR
0000002b   P2IFG
0000002c   P2IES
0000002d   P2IE
0000002e   P2SEL
0000002f   P2REN
00000041   P1SEL2
00000042   P2SEL2
00000043   P3SEL2
00000048   ADC10DTC0
00000049   ADC10DTC1
0000004a   ADC10AE0
00000050   __STACK_SIZE
00000053   BCSCTL3
00000056   DCOCTL
00000057   BCSCTL1
00000058   BCSCTL2
00000059   CACTL1
0000005a   CACTL2
0000005b   CAPD
0000005d   UCA0ABCTL
0000005e   UCA0IRTCTL
0000005f   UCA0IRRCTL
00000060   UCA0CTL0
00000061   UCA0CTL1
00000062   UCA0BR0
00000063   UCA0BR1
00000064   UCA0MCTL
00000065   UCA0STAT
00000066   UCA0RXBUF
00000067   UCA0TXBUF
00000068   UCB0CTL0
00000069   UCB0CTL1
0000006a   UCB0BR0
0000006b   UCB0BR1
0000006c   UCB0I2CIE
0000006d   UCB0STAT
0000006e   UCB0RXBUF
0000006f   UCB0TXBUF
00000118   UCB0I2COA
0000011a   UCB0I2CSA
0000011e   TA1IV
00000120   WDTCTL
00000128   FCTL1
0000012a   FCTL2
0000012c   FCTL3
0000012e   TA0IV
00000160   TA0CTL
00000162   TA0CCTL0
00000164   TA0CCTL1
00000166   TA0CCTL2
00000170   TA0R
00000172   TA0CCR0
00000174   TA0CCR1
00000176   TA0CCR2
00000180   TA1CTL
00000182   TA1CCTL0
00000184   TA1CCTL1
00000186   TA1CCTL2
00000190   TA1R
00000192   TA1CCR0
00000194   TA1CCR1
00000196   TA1CCR2
000001b0   ADC10CTL0
000001b2   ADC10CTL1
000001b4   ADC10MEM
000001bc   ADC10SA
00000210   gp_cur_spr
00000211   nes_data_1
00000212   nes_data_2
000003b0   _stack
00000400   __STACK_END
000010f8   CALDCO_16MHZ
000010f9   CALBC1_16MHZ
000010fa   CALDCO_12MHZ
000010fb   CALBC1_12MHZ
000010fc   CALDCO_8MHZ
000010fd   CALBC1_8MHZ
000010fe   CALDCO_1MHZ
000010ff   CALBC1_1MHZ
0000c000   main
0000c1c2   GP_begin
0000c31a   GP_ascii
0000c3a4   GP_sprite
0000c46c   _auto_init
0000c4ca   random_color
0000c512   __mspabi_srai
0000c51e   __mspabi_srai_15
0000c520   __mspabi_srai_14
0000c522   __mspabi_srai_13
0000c524   __mspabi_srai_12
0000c526   __mspabi_srai_11
0000c528   __mspabi_srai_10
0000c52a   __mspabi_srai_9
0000c52c   __mspabi_srai_8
0000c52e   __mspabi_srai_7
0000c530   __mspabi_srai_6
0000c532   __mspabi_srai_5
0000c534   __mspabi_srai_4
0000c536   __mspabi_srai_3
0000c538   __mspabi_srai_2
0000c53a   __mspabi_srai_1
0000c53e   __mspabi_slli
0000c54a   __mspabi_slli_15
0000c54c   __mspabi_slli_14
0000c54e   __mspabi_slli_13
0000c550   __mspabi_slli_12
0000c552   __mspabi_slli_11
0000c554   __mspabi_slli_10
0000c556   __mspabi_slli_9
0000c558   __mspabi_slli_8
0000c55a   __mspabi_slli_7
0000c55c   __mspabi_slli_6
0000c55e   __mspabi_slli_5
0000c560   __mspabi_slli_4
0000c562   __mspabi_slli_3
0000c564   __mspabi_slli_2
0000c566   __mspabi_slli_1
0000c56a   spr
0000c594   GP_putstr
0000c5bc   GP_fill
0000c5de   GP_wr16
0000c600   GP_xhide
0000c622   __start
0000c63e   _c_int00
0000c63e   _c_int00_noexit
0000c658   GP_wr
0000c66e   delay
0000c684   random
0000c69a   __mspabi_mpyi
0000c6ae   __TI_decompress_none
0000c6c0   memcpy
0000c6d2   __mspabi_func_epilog_7
0000c6d4   __mspabi_func_epilog_6
0000c6d6   __mspabi_func_epilog_5
0000c6d8   __mspabi_func_epilog_4
0000c6da   __mspabi_func_epilog_3
0000c6dc   __mspabi_func_epilog_2
0000c6de   __mspabi_func_epilog_1
0000c6e2   spi_transfer
0000c6f2   GP_setpal
0000c6fe   __wstart
0000c708   __end
0000c70e   __TI_decompress_rle24
0000c714   _system_pre_init
0000c718   C$$EXIT
0000c718   abort
0000c71c   font8x8
0000ca8a   __TI_Handler_Table_Base
0000ca8e   __TI_CINIT_Base
0000ca8e   __TI_Handler_Table_Limit
0000ca92   __TI_CINIT_Limit
0000fffe   _reset_vector
ffffffff   __binit__
ffffffff   __c_args__
ffffffff   binit

[177 symbols]
